// Jest Snapshot v1, https://goo.gl/fbAQLP

exports[`Slider renders 1`] = `
.c0 {
  position: relative;
  height: 32px;
  padding-top: 12px;
  border-radius: 9999px;
  touch-action: none;
  color: blue;
}

.c0 .rc-slider-rail,
.c0 .rc-slider-track {
  height: 8px;
}

.c0 .rc-slider-handle {
  width: 32px;
  height: 32px;
  margin-left: -16px;
  margin-top: -12px;
}

.c0 .rc-slider-rail {
  position: absolute;
  width: 100%;
  border-radius: 9999px;
}

.c0 .rc-slider-track {
  position: absolute;
  left: 0;
  border-radius: 9999px;
  background-color: currentcolor;
}

.c0 .rc-slider-handle {
  position: absolute;
  cursor: pointer;
  cursor: -webkit-grab;
  cursor: -moz-grab;
  cursor: grab;
  border-radius: 9999px;
  border: solid 4px currentcolor;
  background-color: #fff;
  touch-action: pan-x;
}

.c0 .rc-slider-handle:focus {
  box-shadow: 0 0 0 2px;
}

.c0.rc-slider-disabled .rc-slider-handle {
  box-shadow: none;
  cursor: default;
}

<div
  className="rc-slider c0"
  onBlur={[Function]}
  onFocus={[Function]}
  onKeyDown={[Function]}
  onMouseDown={[Function]}
  onMouseUp={[Function]}
  onTouchStart={[Function]}
>
  <div
    className="rc-slider-rail"
    style={Object {}}
  />
  <div
    className="rc-slider-track rc-slider-track-1"
    style={
      Object {
        "left": "0%",
        "width": "0%",
      }
    }
  />
  <div
    className="rc-slider-step"
  />
  <div
    aria-disabled={false}
    aria-valuemax={100}
    aria-valuemin={0}
    aria-valuenow={0}
    className="rc-slider-handle rc-slider-handle-1"
    onBlur={[Function]}
    onKeyDown={[Function]}
    onMouseDown={[Function]}
    role="slider"
    style={
      Object {
        "left": "0%",
      }
    }
    tabIndex={0}
  />
  <div
    aria-disabled={false}
    aria-valuemax={100}
    aria-valuemin={0}
    aria-valuenow={0}
    className="rc-slider-handle rc-slider-handle-2"
    onBlur={[Function]}
    onKeyDown={[Function]}
    onMouseDown={[Function]}
    role="slider"
    style={
      Object {
        "left": "0%",
      }
    }
    tabIndex={0}
  />
  <div
    className="rc-slider-mark"
  />
</div>
`;
