// Jest Snapshot v1, https://goo.gl/fbAQLP

exports[`Popover Trigger Element Renders trigger element and appends action props 1`] = `
.c0 {
  display: inline-block;
}

<div
  class="c0"
>
  <button
    aria-label="Click to open popover with more information"
  >
    Trigger Button
  </button>
</div>
`;

exports[`Popover UI Positioning Content is rendered according to placement prop 1`] = `
.c2 {
  position: absolute;
}

.c2[data-placement*="right"] {
  left: 0;
}

.c2[data-placement*="left"] {
  right: 0;
}

.c2[data-placement*="top"] {
  bottom: 0;
}

.c2[data-placement*="bottom"] {
  top: 0;
}

.c2[data-placement*="bottom"]::before,
.c2[data-placement*="right"]::before,
.c2[data-placement*="top"]::after,
.c2[data-placement*="left"]::after {
  content: '';
  position: absolute;
  width: 0;
  height: 0;
  margin: auto;
  border-style: solid;
  -webkit-transform-origin: 0 0;
  -ms-transform-origin: 0 0;
  transform-origin: 0 0;
  -webkit-transform: rotate(-45deg);
  -ms-transform: rotate(-45deg);
  transform: rotate(-45deg);
  border-width: 6px;
}

.c2[data-placement*="right"]::before {
  left: 8px;
  border-color: #fff transparent transparent #fff;
  box-shadow: -0.75px -0.75px 0px 0.25px #c0cad5;
}

.c2[data-placement*="left"]::after {
  right: 13px;
  border-color: transparent #fff #fff transparent;
  box-shadow: 0.75px 0.75px 0px 0.25px #c0cad5;
}

.c2[data-placement*="top"]::after {
  top: -16px;
  margin-left: -5px;
  border-color: transparent transparent #fff #fff;
  box-shadow: -0.75px 0.75px 0px 0.25px #c0cad5;
}

.c2[data-placement*="bottom"]::before {
  top: 16px;
  margin-left: -5px;
  border-color: #fff #fff transparent transparent;
  box-shadow: 0.75px -0.75px 0px 0.25px #c0cad5;
}

.c0 {
  padding: 16px;
  z-index: 102;
  max-width: 400px;
  width: 100%;
  box-sizing: border-box;
}

.c1 {
  box-shadow: 0 0 0 1px #c0cad5, 0 0 4px 0 rgba(0,0,0,0.08),0 8px 8px 0 rgba(0,0,0,0.08), 0 16px 16px 0 rgba(0,0,0,0.08);
  font-size: 12px;
  border-radius: 2px;
  background: #fff;
  box-sizing: border-box;
  outline: 0;
  max-width: 100%;
}

<div
  aria-describedby="dialog-description-1"
  aria-label="Top PopOver"
  class="c0"
  data-placement="bottom"
  role="dialog"
  style="position: fixed; top: 0px; left: 0px; transform: translate3d(NaNpx, NaNpx, 0); will-change: transform;"
  width="400"
>
  <section
    class="c1"
    tabindex="-1"
    width="400"
  >
    <div
      class=""
      id="popover-description-1"
    >
      <div>
        <p>
          Hello there!
        </p>
        <button>
          Click me to close button!
        </button>
      </div>
    </div>
  </section>
  <span
    aria-hidden="true"
    class="c2"
    data-placement="bottom"
  />
</div>
`;
